<?xml version="1.0" encoding="UTF-8"?>
<TestRun id="3c756ed9-37f3-4c35-8d5b-2da39dd82aad" name="aromanelli@AROMANELLI 2014-05-14 09:00:10" runUser="CORP\aromanelli" xmlns="http://microsoft.com/schemas/VisualStudio/TeamTest/2010">
  <TestSettings name="Default Test Settings" id="445f5173-a8df-4c6f-b7ed-9be39d4e32a3">
    <Execution>
      <TestTypeSpecific />
      <AgentRule name="Execution Agents">
      </AgentRule>
    </Execution>
    <Deployment runDeploymentRoot="aromanelli_AROMANELLI 2014-05-14 09_00_10" />
    <Properties />
  </TestSettings>
  <Times creation="2014-05-14T09:00:10.7075800-04:00" queuing="2014-05-14T09:00:11.1286041-04:00" start="2014-05-14T09:00:11.2216094-04:00" finish="2014-05-14T09:00:11.5786299-04:00" />
  <ResultSummary outcome="Failed">
    <Counters total="1" executed="1" error="0" failed="1" timeout="0" aborted="0" inconclusive="0" passedButRunAborted="0" notRunnable="0" notExecuted="0" disconnected="0" warning="0" passed="0" completed="0" inProgress="0" pending="0" />
  </ResultSummary>
  <TestDefinitions>
    <UnitTest name="TestMethod1" storage="unittestproject1\bin\debug\unittestproject1.dll" id="5ea28b17-46ac-fb80-ff7b-70c1d360c9cf">
      <Execution id="b6eb8db6-bf8f-464e-bcf9-b4b787bf28c3" />
      <TestMethod codeBase="C:/Users/aromanelli/Documents/GitHub/Testit/ConsoleApplication2/UnitTestProject1/bin/Debug/UnitTestProject1.DLL" adapterTypeName="Microsoft.VisualStudio.TestTools.TestTypes.Unit.UnitTestAdapter, Microsoft.VisualStudio.QualityTools.Tips.UnitTest.Adapter, Version=12.0.0.0, Culture=neutral, PublicKeyToken=b03f5f7f11d50a3a" className="Consoletest3.UnitTest1, UnitTestProject1, Version=1.0.0.0, Culture=neutral, PublicKeyToken=null" name="TestMethod1" />
    </UnitTest>
  </TestDefinitions>
  <TestLists>
    <TestList name="Results Not in a List" id="8c84fa94-04c1-424b-9868-57a2d4851a1d" />
    <TestList name="All Loaded Results" id="19431567-8539-422a-85d7-44ee4e166bda" />
  </TestLists>
  <TestEntries>
    <TestEntry testId="5ea28b17-46ac-fb80-ff7b-70c1d360c9cf" executionId="b6eb8db6-bf8f-464e-bcf9-b4b787bf28c3" testListId="8c84fa94-04c1-424b-9868-57a2d4851a1d" />
  </TestEntries>
  <Results>
    <UnitTestResult executionId="b6eb8db6-bf8f-464e-bcf9-b4b787bf28c3" testId="5ea28b17-46ac-fb80-ff7b-70c1d360c9cf" testName="TestMethod1" computerName="AROMANELLI" duration="00:00:00.0693524" startTime="2014-05-14T09:00:11.2556114-04:00" endTime="2014-05-14T09:00:11.5176264-04:00" testType="13cdc9d9-ddb5-4fa4-a97d-d965ccfc6d4b" outcome="Failed" testListId="8c84fa94-04c1-424b-9868-57a2d4851a1d" relativeResultsDirectory="b6eb8db6-bf8f-464e-bcf9-b4b787bf28c3">
      <Output>
        <ErrorInfo>
          <Message>Assert.AreEqual failed. Expected:&lt;Hello World&gt;. Actual:&lt;hello world&gt;. </Message>
          <StackTrace>   at Consoletest3.UnitTest1.TestMethod1() in c:\Users\aromanelli\Documents\GitHub\Testit\ConsoleApplication2\UnitTestProject1\UnitTest1.cs:line 13
</StackTrace>
        </ErrorInfo>
      </Output>
    </UnitTestResult>
  </Results>
</TestRun>